#! /usr/bin/vvp
:ivl_version "13.0 (stable)" "(v13_0)";
:ivl_delay_selection "TYPICAL";
:vpi_time_precision - 12;
:vpi_module "/usr/lib64/ivl/system.vpi";
:vpi_module "/usr/lib64/ivl/vhdl_sys.vpi";
:vpi_module "/usr/lib64/ivl/vhdl_textio.vpi";
:vpi_module "/usr/lib64/ivl/v2005_math.vpi";
:vpi_module "/usr/lib64/ivl/va_math.vpi";
S_0x5636f27bcc70 .scope module, "tb_incomp_if" "tb_incomp_if" 2 5;
 .timescale -9 -12;
v0x5636f27cec50_0 .var "i0", 0 0;
v0x5636f27ced10_0 .var "i1", 0 0;
v0x5636f27cede0_0 .var "i2", 0 0;
v0x5636f27ceee0_0 .net "y", 0 0, v0x5636f27ceae0_0;  1 drivers
S_0x5636f27bce00 .scope module, "uut" "incomp_if" 2 12, 3 1 0, S_0x5636f27bcc70;
 .timescale 0 0;
    .port_info 0 /INPUT 1 "i0";
    .port_info 1 /INPUT 1 "i1";
    .port_info 2 /INPUT 1 "i2";
    .port_info 3 /OUTPUT 1 "y";
v0x5636f27bcfe0_0 .net "i0", 0 0, v0x5636f27cec50_0;  1 drivers
v0x5636f27ce950_0 .net "i1", 0 0, v0x5636f27ced10_0;  1 drivers
v0x5636f27cea10_0 .net "i2", 0 0, v0x5636f27cede0_0;  1 drivers
v0x5636f27ceae0_0 .var "y", 0 0;
E_0x5636f27bd240 .event anyedge, v0x5636f27bcfe0_0, v0x5636f27ce950_0;
    .scope S_0x5636f27bce00;
T_0 ;
    %wait E_0x5636f27bd240;
    %load/vec4 v0x5636f27bcfe0_0;
    %flag_set/vec4 8;
    %jmp/0xz  T_0.0, 8;
    %load/vec4 v0x5636f27ce950_0;
    %assign/vec4 v0x5636f27ceae0_0, 0;
T_0.0 ;
    %jmp T_0;
    .thread T_0, $push;
    .scope S_0x5636f27bcc70;
T_1 ;
    %vpi_call 2 20 "$dumpfile", "tb_incomp_if.vcd" {0 0 0};
    %vpi_call 2 21 "$dumpvars", 32'sb00000000000000000000000000000000, S_0x5636f27bcc70 {0 0 0};
    %pushi/vec4 0, 0, 1;
    %store/vec4 v0x5636f27cec50_0, 0, 1;
    %pushi/vec4 0, 0, 1;
    %store/vec4 v0x5636f27ced10_0, 0, 1;
    %pushi/vec4 0, 0, 1;
    %store/vec4 v0x5636f27cede0_0, 0, 1;
    %delay 3000000, 0;
    %vpi_call 2 27 "$finish" {0 0 0};
    %end;
    .thread T_1;
    .scope S_0x5636f27bcc70;
T_2 ;
    %delay 317000, 0;
    %load/vec4 v0x5636f27cec50_0;
    %inv;
    %store/vec4 v0x5636f27cec50_0, 0, 1;
    %jmp T_2;
    .thread T_2;
    .scope S_0x5636f27bcc70;
T_3 ;
    %delay 37000, 0;
    %load/vec4 v0x5636f27ced10_0;
    %inv;
    %store/vec4 v0x5636f27ced10_0, 0, 1;
    %jmp T_3;
    .thread T_3;
    .scope S_0x5636f27bcc70;
T_4 ;
    %delay 57000, 0;
    %load/vec4 v0x5636f27cede0_0;
    %inv;
    %store/vec4 v0x5636f27cede0_0, 0, 1;
    %jmp T_4;
    .thread T_4;
# The file index is used to find the file name in the following table.
:file_names 4;
    "N/A";
    "<interactive>";
    "tb_incomp_if.v";
    "incomp_if.v";
