#! /usr/bin/vvp
:ivl_version "13.0 (stable)" "(v13_0)";
:ivl_delay_selection "TYPICAL";
:vpi_time_precision - 12;
:vpi_module "/usr/lib64/ivl/system.vpi";
:vpi_module "/usr/lib64/ivl/vhdl_sys.vpi";
:vpi_module "/usr/lib64/ivl/vhdl_textio.vpi";
:vpi_module "/usr/lib64/ivl/v2005_math.vpi";
:vpi_module "/usr/lib64/ivl/va_math.vpi";
S_0x55b0d58a8020 .scope module, "tb_dff_asyncres" "tb_dff_asyncres" 2 3;
 .timescale -9 -12;
v0x55b0d58ba200_0 .var "async_reset", 0 0;
v0x55b0d58ba2c0_0 .var "clk", 0 0;
v0x55b0d58ba390_0 .var "d", 0 0;
v0x55b0d58ba490_0 .net "q", 0 0, v0x55b0d58ba090_0;  1 drivers
S_0x55b0d58a81b0 .scope module, "uut" "dff_asyncres" 2 10, 3 2 0, S_0x55b0d58a8020;
 .timescale 0 0;
    .port_info 0 /INPUT 1 "clk";
    .port_info 1 /INPUT 1 "async_reset";
    .port_info 2 /INPUT 1 "d";
    .port_info 3 /OUTPUT 1 "q";
v0x55b0d58a8390_0 .net "async_reset", 0 0, v0x55b0d58ba200_0;  1 drivers
v0x55b0d58b9f30_0 .net "clk", 0 0, v0x55b0d58ba2c0_0;  1 drivers
v0x55b0d58b9ff0_0 .net "d", 0 0, v0x55b0d58ba390_0;  1 drivers
v0x55b0d58ba090_0 .var "q", 0 0;
E_0x55b0d58a90c0 .event posedge, v0x55b0d58a8390_0, v0x55b0d58b9f30_0;
    .scope S_0x55b0d58a81b0;
T_0 ;
    %wait E_0x55b0d58a90c0;
    %load/vec4 v0x55b0d58a8390_0;
    %flag_set/vec4 8;
    %jmp/0xz  T_0.0, 8;
    %pushi/vec4 0, 0, 1;
    %assign/vec4 v0x55b0d58ba090_0, 0;
    %jmp T_0.1;
T_0.0 ;
    %load/vec4 v0x55b0d58b9ff0_0;
    %assign/vec4 v0x55b0d58ba090_0, 0;
T_0.1 ;
    %jmp T_0;
    .thread T_0;
    .scope S_0x55b0d58a8020;
T_1 ;
    %vpi_call 2 18 "$dumpfile", "tb_dff_asyncres.vcd" {0 0 0};
    %vpi_call 2 19 "$dumpvars", 32'sb00000000000000000000000000000000, S_0x55b0d58a8020 {0 0 0};
    %pushi/vec4 0, 0, 1;
    %store/vec4 v0x55b0d58ba2c0_0, 0, 1;
    %pushi/vec4 1, 0, 1;
    %store/vec4 v0x55b0d58ba200_0, 0, 1;
    %pushi/vec4 0, 0, 1;
    %store/vec4 v0x55b0d58ba390_0, 0, 1;
    %delay 3000000, 0;
    %vpi_call 2 24 "$finish" {0 0 0};
    %end;
    .thread T_1;
    .scope S_0x55b0d58a8020;
T_2 ;
    %delay 10000, 0;
    %load/vec4 v0x55b0d58ba2c0_0;
    %inv;
    %store/vec4 v0x55b0d58ba2c0_0, 0, 1;
    %jmp T_2;
    .thread T_2;
    .scope S_0x55b0d58a8020;
T_3 ;
    %delay 23000, 0;
    %load/vec4 v0x55b0d58ba390_0;
    %inv;
    %store/vec4 v0x55b0d58ba390_0, 0, 1;
    %jmp T_3;
    .thread T_3;
    .scope S_0x55b0d58a8020;
T_4 ;
    %delay 547000, 0;
    %load/vec4 v0x55b0d58ba200_0;
    %inv;
    %store/vec4 v0x55b0d58ba200_0, 0, 1;
    %jmp T_4;
    .thread T_4;
# The file index is used to find the file name in the following table.
:file_names 4;
    "N/A";
    "<interactive>";
    "tb_dff_asyncres.v";
    "dff_asyncres.v";
