#! /usr/bin/vvp
:ivl_version "13.0 (stable)" "(v13_0)";
:ivl_delay_selection "TYPICAL";
:vpi_time_precision - 12;
:vpi_module "/usr/lib64/ivl/system.vpi";
:vpi_module "/usr/lib64/ivl/vhdl_sys.vpi";
:vpi_module "/usr/lib64/ivl/vhdl_textio.vpi";
:vpi_module "/usr/lib64/ivl/v2005_math.vpi";
:vpi_module "/usr/lib64/ivl/va_math.vpi";
S_0x563c5cabd740 .scope module, "tb_mux_generate" "tb_mux_generate" 2 2;
 .timescale -9 -12;
v0x563c5cad4c80_0 .var "clk", 0 0;
v0x563c5cad4d60_0 .var "i0", 0 0;
v0x563c5cad4e20_0 .var "i1", 0 0;
v0x563c5cad4f20_0 .var "i2", 0 0;
v0x563c5cad4ff0_0 .var "i3", 0 0;
v0x563c5cad50e0_0 .var "reset", 0 0;
v0x563c5cad5180_0 .var "sel", 1 0;
v0x563c5cad5250_0 .net "y", 0 0, v0x563c5cad4b00_0;  1 drivers
E_0x563c5cabc520 .event posedge, v0x563c5cad50e0_0, v0x563c5cad4c80_0;
S_0x563c5cabd8d0 .scope module, "uut" "mux_generate" 2 15, 3 1 0, S_0x563c5cabd740;
 .timescale 0 0;
    .port_info 0 /INPUT 1 "i0";
    .port_info 1 /INPUT 1 "i1";
    .port_info 2 /INPUT 1 "i2";
    .port_info 3 /INPUT 1 "i3";
    .port_info 4 /INPUT 2 "sel";
    .port_info 5 /OUTPUT 1 "y";
v0x563c5caace80_0 .net "i0", 0 0, v0x563c5cad4d60_0;  1 drivers
v0x563c5cad45f0_0 .net "i1", 0 0, v0x563c5cad4e20_0;  1 drivers
v0x563c5cad46b0_0 .net "i2", 0 0, v0x563c5cad4f20_0;  1 drivers
v0x563c5cad4750_0 .net "i3", 0 0, v0x563c5cad4ff0_0;  1 drivers
v0x563c5cad4810_0 .net "i_int", 3 0, L_0x563c5cad5320;  1 drivers
v0x563c5cad4940_0 .var/i "k", 31 0;
v0x563c5cad4a20_0 .net "sel", 1 0, v0x563c5cad5180_0;  1 drivers
v0x563c5cad4b00_0 .var "y", 0 0;
E_0x563c5cabbb00 .event anyedge, v0x563c5cad4a20_0, v0x563c5cad4810_0;
L_0x563c5cad5320 .concat [ 1 1 1 1], v0x563c5cad4d60_0, v0x563c5cad4e20_0, v0x563c5cad4f20_0, v0x563c5cad4ff0_0;
    .scope S_0x563c5cabd8d0;
T_0 ;
    %wait E_0x563c5cabbb00;
    %pushi/vec4 0, 0, 32;
    %store/vec4 v0x563c5cad4940_0, 0, 32;
T_0.0 ; Top of for-loop
    %load/vec4 v0x563c5cad4940_0;
    %cmpi/s 4, 0, 32;
	  %jmp/0xz T_0.1, 5;
    %load/vec4 v0x563c5cad4940_0;
    %load/vec4 v0x563c5cad4a20_0;
    %pad/u 32;
    %cmp/e;
    %jmp/0xz  T_0.3, 4;
    %load/vec4 v0x563c5cad4810_0;
    %load/vec4 v0x563c5cad4940_0;
    %part/s 1;
    %store/vec4 v0x563c5cad4b00_0, 0, 1;
T_0.3 ;
T_0.2 ; for-loop step statement
    %load/vec4 v0x563c5cad4940_0;
    %addi 1, 0, 32;
    %store/vec4 v0x563c5cad4940_0, 0, 32;
    %jmp T_0.0;
T_0.1 ; for-loop exit label
    %jmp T_0;
    .thread T_0, $push;
    .scope S_0x563c5cabd740;
T_1 ;
    %vpi_call 2 25 "$dumpfile", "tb_mux_generate.vcd" {0 0 0};
    %vpi_call 2 26 "$dumpvars", 32'sb00000000000000000000000000000000, S_0x563c5cabd740 {0 0 0};
    %pushi/vec4 0, 0, 1;
    %store/vec4 v0x563c5cad4d60_0, 0, 1;
    %pushi/vec4 0, 0, 1;
    %store/vec4 v0x563c5cad4e20_0, 0, 1;
    %pushi/vec4 0, 0, 1;
    %store/vec4 v0x563c5cad4f20_0, 0, 1;
    %pushi/vec4 0, 0, 1;
    %store/vec4 v0x563c5cad4ff0_0, 0, 1;
    %pushi/vec4 0, 0, 1;
    %store/vec4 v0x563c5cad4c80_0, 0, 1;
    %pushi/vec4 0, 0, 1;
    %store/vec4 v0x563c5cad50e0_0, 0, 1;
    %delay 1000, 0;
    %pushi/vec4 1, 0, 1;
    %store/vec4 v0x563c5cad50e0_0, 0, 1;
    %delay 10000, 0;
    %pushi/vec4 0, 0, 1;
    %store/vec4 v0x563c5cad50e0_0, 0, 1;
    %delay 3000000, 0;
    %vpi_call 2 37 "$finish" {0 0 0};
    %end;
    .thread T_1;
    .scope S_0x563c5cabd740;
T_2 ;
    %delay 17000, 0;
    %load/vec4 v0x563c5cad4d60_0;
    %inv;
    %store/vec4 v0x563c5cad4d60_0, 0, 1;
    %jmp T_2;
    .thread T_2;
    .scope S_0x563c5cabd740;
T_3 ;
    %delay 37000, 0;
    %load/vec4 v0x563c5cad4e20_0;
    %inv;
    %store/vec4 v0x563c5cad4e20_0, 0, 1;
    %jmp T_3;
    .thread T_3;
    .scope S_0x563c5cabd740;
T_4 ;
    %delay 88000, 0;
    %load/vec4 v0x563c5cad4f20_0;
    %inv;
    %store/vec4 v0x563c5cad4f20_0, 0, 1;
    %jmp T_4;
    .thread T_4;
    .scope S_0x563c5cabd740;
T_5 ;
    %delay 155000, 0;
    %load/vec4 v0x563c5cad4ff0_0;
    %inv;
    %store/vec4 v0x563c5cad4ff0_0, 0, 1;
    %jmp T_5;
    .thread T_5;
    .scope S_0x563c5cabd740;
T_6 ;
    %delay 300000, 0;
    %load/vec4 v0x563c5cad4c80_0;
    %inv;
    %store/vec4 v0x563c5cad4c80_0, 0, 1;
    %jmp T_6;
    .thread T_6;
    .scope S_0x563c5cabd740;
T_7 ;
    %wait E_0x563c5cabc520;
    %load/vec4 v0x563c5cad50e0_0;
    %flag_set/vec4 8;
    %jmp/0xz  T_7.0, 8;
    %pushi/vec4 0, 0, 2;
    %assign/vec4 v0x563c5cad5180_0, 0;
    %jmp T_7.1;
T_7.0 ;
    %load/vec4 v0x563c5cad5180_0;
    %addi 1, 0, 2;
    %assign/vec4 v0x563c5cad5180_0, 0;
T_7.1 ;
    %jmp T_7;
    .thread T_7;
# The file index is used to find the file name in the following table.
:file_names 4;
    "N/A";
    "<interactive>";
    "tb_mux_generate.v";
    "mux_generate.v";
