#! /usr/bin/vvp
:ivl_version "13.0 (stable)" "(v13_0)";
:ivl_delay_selection "TYPICAL";
:vpi_time_precision - 12;
:vpi_module "/usr/lib64/ivl/system.vpi";
:vpi_module "/usr/lib64/ivl/vhdl_sys.vpi";
:vpi_module "/usr/lib64/ivl/vhdl_textio.vpi";
:vpi_module "/usr/lib64/ivl/v2005_math.vpi";
:vpi_module "/usr/lib64/ivl/va_math.vpi";
S_0x558264352a30 .scope module, "tb_opt_check3" "tb_opt_check3" 2 4;
 .timescale -9 -12;
v0x558264365770_0 .var "a", 0 0;
v0x558264365830_0 .var "b", 0 0;
v0x5582643658d0_0 .var "c", 0 0;
v0x5582643659d0_0 .net "y", 0 0, L_0x558264365c90;  1 drivers
S_0x558264352bc0 .scope module, "uut" "opt_check3" 2 11, 3 2 0, S_0x558264352a30;
 .timescale 0 0;
    .port_info 0 /INPUT 1 "a";
    .port_info 1 /INPUT 1 "b";
    .port_info 2 /INPUT 1 "c";
    .port_info 3 /OUTPUT 1 "y";
L_0x7f692d1be018 .functor BUFT 1, C4<0>, C4<0>, C4<0>, C4<0>;
v0x558264352da0_0 .net/2u *"_ivl_0", 0 0, L_0x7f692d1be018;  1 drivers
v0x558264365200_0 .net *"_ivl_2", 0 0, L_0x558264365ad0;  1 drivers
L_0x7f692d1be060 .functor BUFT 1, C4<0>, C4<0>, C4<0>, C4<0>;
v0x5582643652e0_0 .net/2u *"_ivl_4", 0 0, L_0x7f692d1be060;  1 drivers
v0x5582643653a0_0 .net "a", 0 0, v0x558264365770_0;  1 drivers
v0x558264365460_0 .net "b", 0 0, v0x558264365830_0;  1 drivers
v0x558264365570_0 .net "c", 0 0, v0x5582643658d0_0;  1 drivers
v0x558264365630_0 .net "y", 0 0, L_0x558264365c90;  alias, 1 drivers
L_0x558264365ad0 .functor MUXZ 1, L_0x7f692d1be018, v0x558264365830_0, v0x5582643658d0_0, C4<>;
L_0x558264365c90 .functor MUXZ 1, L_0x7f692d1be060, L_0x558264365ad0, v0x558264365770_0, C4<>;
    .scope S_0x558264352a30;
T_0 ;
    %vpi_call 2 19 "$dumpfile", "tb_opt_check3.vcd" {0 0 0};
    %vpi_call 2 20 "$dumpvars", 32'sb00000000000000000000000000000000, S_0x558264352a30 {0 0 0};
    %pushi/vec4 0, 0, 1;
    %store/vec4 v0x558264365770_0, 0, 1;
    %pushi/vec4 0, 0, 1;
    %store/vec4 v0x558264365830_0, 0, 1;
    %pushi/vec4 0, 0, 1;
    %store/vec4 v0x5582643658d0_0, 0, 1;
    %delay 300000, 0;
    %vpi_call 2 25 "$finish" {0 0 0};
    %end;
    .thread T_0;
    .scope S_0x558264352a30;
T_1 ;
    %delay 10000, 0;
    %load/vec4 v0x558264365770_0;
    %inv;
    %store/vec4 v0x558264365770_0, 0, 1;
    %jmp T_1;
    .thread T_1;
    .scope S_0x558264352a30;
T_2 ;
    %delay 55000, 0;
    %load/vec4 v0x558264365830_0;
    %inv;
    %store/vec4 v0x558264365830_0, 0, 1;
    %jmp T_2;
    .thread T_2;
    .scope S_0x558264352a30;
T_3 ;
    %delay 75000, 0;
    %load/vec4 v0x5582643658d0_0;
    %inv;
    %store/vec4 v0x5582643658d0_0, 0, 1;
    %jmp T_3;
    .thread T_3;
# The file index is used to find the file name in the following table.
:file_names 4;
    "N/A";
    "<interactive>";
    "tb_opt_check3.v";
    "opt_check3.v";
