#! /usr/bin/vvp
:ivl_version "13.0 (stable)" "(v13_0)";
:ivl_delay_selection "TYPICAL";
:vpi_time_precision - 12;
:vpi_module "/usr/lib64/ivl/system.vpi";
:vpi_module "/usr/lib64/ivl/vhdl_sys.vpi";
:vpi_module "/usr/lib64/ivl/vhdl_textio.vpi";
:vpi_module "/usr/lib64/ivl/v2005_math.vpi";
:vpi_module "/usr/lib64/ivl/va_math.vpi";
S_0x56255ebe5370 .scope module, "tb_demux_case" "tb_demux_case" 2 3;
 .timescale -9 -12;
v0x56255ebfe0b0_0 .var "clk", 0 0;
v0x56255ebfe190_0 .var "i", 0 0;
v0x56255ebfe250_0 .net "o0", 0 0, L_0x56255ebff180;  1 drivers
v0x56255ebfe350_0 .net "o1", 0 0, L_0x56255ebff090;  1 drivers
v0x56255ebfe420_0 .net "o2", 0 0, L_0x56255ebfef60;  1 drivers
v0x56255ebfe4c0_0 .net "o3", 0 0, L_0x56255ebfeec0;  1 drivers
v0x56255ebfe590_0 .net "o4", 0 0, L_0x56255ebfed10;  1 drivers
v0x56255ebfe660_0 .net "o5", 0 0, L_0x56255ebfec20;  1 drivers
v0x56255ebfe730_0 .net "o6", 0 0, L_0x56255ebfeae0;  1 drivers
v0x56255ebfe800_0 .net "o7", 0 0, L_0x56255ebfea40;  1 drivers
v0x56255ebfe8d0_0 .var "reset", 0 0;
v0x56255ebfe970_0 .var "sel", 2 0;
E_0x56255ebe2410 .event posedge, v0x56255ebfe8d0_0, v0x56255ebfe0b0_0;
S_0x56255ebe5500 .scope module, "uut" "demux_case" 2 15, 3 1 0, S_0x56255ebe5370;
 .timescale 0 0;
    .port_info 0 /OUTPUT 1 "o0";
    .port_info 1 /OUTPUT 1 "o1";
    .port_info 2 /OUTPUT 1 "o2";
    .port_info 3 /OUTPUT 1 "o3";
    .port_info 4 /OUTPUT 1 "o4";
    .port_info 5 /OUTPUT 1 "o5";
    .port_info 6 /OUTPUT 1 "o6";
    .port_info 7 /OUTPUT 1 "o7";
    .port_info 8 /INPUT 3 "sel";
    .port_info 9 /INPUT 1 "i";
v0x56255ebd4cb0_0 .net *"_ivl_10", 7 0, v0x56255ebfde30_0;  1 drivers
v0x56255ebfd630_0 .net "i", 0 0, v0x56255ebfe190_0;  1 drivers
v0x56255ebfd6f0_0 .net "o0", 0 0, L_0x56255ebff180;  alias, 1 drivers
v0x56255ebfd7c0_0 .net "o1", 0 0, L_0x56255ebff090;  alias, 1 drivers
v0x56255ebfd880_0 .net "o2", 0 0, L_0x56255ebfef60;  alias, 1 drivers
v0x56255ebfd990_0 .net "o3", 0 0, L_0x56255ebfeec0;  alias, 1 drivers
v0x56255ebfda50_0 .net "o4", 0 0, L_0x56255ebfed10;  alias, 1 drivers
v0x56255ebfdb10_0 .net "o5", 0 0, L_0x56255ebfec20;  alias, 1 drivers
v0x56255ebfdbd0_0 .net "o6", 0 0, L_0x56255ebfeae0;  alias, 1 drivers
v0x56255ebfdc90_0 .net "o7", 0 0, L_0x56255ebfea40;  alias, 1 drivers
v0x56255ebfdd50_0 .net "sel", 2 0, v0x56255ebfe970_0;  1 drivers
v0x56255ebfde30_0 .var "y_int", 7 0;
E_0x56255ebe3150 .event anyedge, v0x56255ebfdd50_0, v0x56255ebfd630_0;
L_0x56255ebfea40 .part v0x56255ebfde30_0, 7, 1;
L_0x56255ebfeae0 .part v0x56255ebfde30_0, 6, 1;
L_0x56255ebfec20 .part v0x56255ebfde30_0, 5, 1;
L_0x56255ebfed10 .part v0x56255ebfde30_0, 4, 1;
L_0x56255ebfeec0 .part v0x56255ebfde30_0, 3, 1;
L_0x56255ebfef60 .part v0x56255ebfde30_0, 2, 1;
L_0x56255ebff090 .part v0x56255ebfde30_0, 1, 1;
L_0x56255ebff180 .part v0x56255ebfde30_0, 0, 1;
    .scope S_0x56255ebe5500;
T_0 ;
    %wait E_0x56255ebe3150;
    %pushi/vec4 0, 0, 8;
    %store/vec4 v0x56255ebfde30_0, 0, 8;
    %load/vec4 v0x56255ebfdd50_0;
    %dup/vec4;
    %pushi/vec4 0, 0, 3;
    %cmp/u;
    %jmp/1 T_0.0, 6;
    %dup/vec4;
    %pushi/vec4 1, 0, 3;
    %cmp/u;
    %jmp/1 T_0.1, 6;
    %dup/vec4;
    %pushi/vec4 2, 0, 3;
    %cmp/u;
    %jmp/1 T_0.2, 6;
    %dup/vec4;
    %pushi/vec4 3, 0, 3;
    %cmp/u;
    %jmp/1 T_0.3, 6;
    %dup/vec4;
    %pushi/vec4 4, 0, 3;
    %cmp/u;
    %jmp/1 T_0.4, 6;
    %dup/vec4;
    %pushi/vec4 5, 0, 3;
    %cmp/u;
    %jmp/1 T_0.5, 6;
    %dup/vec4;
    %pushi/vec4 6, 0, 3;
    %cmp/u;
    %jmp/1 T_0.6, 6;
    %dup/vec4;
    %pushi/vec4 7, 0, 3;
    %cmp/u;
    %jmp/1 T_0.7, 6;
    %jmp T_0.8;
T_0.0 ;
    %load/vec4 v0x56255ebfd630_0;
    %ix/load 4, 0, 0;
    %flag_set/imm 4, 0;
    %store/vec4 v0x56255ebfde30_0, 4, 1;
    %jmp T_0.8;
T_0.1 ;
    %load/vec4 v0x56255ebfd630_0;
    %ix/load 4, 1, 0;
    %flag_set/imm 4, 0;
    %store/vec4 v0x56255ebfde30_0, 4, 1;
    %jmp T_0.8;
T_0.2 ;
    %load/vec4 v0x56255ebfd630_0;
    %ix/load 4, 2, 0;
    %flag_set/imm 4, 0;
    %store/vec4 v0x56255ebfde30_0, 4, 1;
    %jmp T_0.8;
T_0.3 ;
    %load/vec4 v0x56255ebfd630_0;
    %ix/load 4, 3, 0;
    %flag_set/imm 4, 0;
    %store/vec4 v0x56255ebfde30_0, 4, 1;
    %jmp T_0.8;
T_0.4 ;
    %load/vec4 v0x56255ebfd630_0;
    %ix/load 4, 4, 0;
    %flag_set/imm 4, 0;
    %store/vec4 v0x56255ebfde30_0, 4, 1;
    %jmp T_0.8;
T_0.5 ;
    %load/vec4 v0x56255ebfd630_0;
    %ix/load 4, 5, 0;
    %flag_set/imm 4, 0;
    %store/vec4 v0x56255ebfde30_0, 4, 1;
    %jmp T_0.8;
T_0.6 ;
    %load/vec4 v0x56255ebfd630_0;
    %ix/load 4, 6, 0;
    %flag_set/imm 4, 0;
    %store/vec4 v0x56255ebfde30_0, 4, 1;
    %jmp T_0.8;
T_0.7 ;
    %load/vec4 v0x56255ebfd630_0;
    %ix/load 4, 7, 0;
    %flag_set/imm 4, 0;
    %store/vec4 v0x56255ebfde30_0, 4, 1;
    %jmp T_0.8;
T_0.8 ;
    %pop/vec4 1;
    %jmp T_0;
    .thread T_0, $push;
    .scope S_0x56255ebe5370;
T_1 ;
    %vpi_call 2 29 "$dumpfile", "tb_demux_case.vcd" {0 0 0};
    %vpi_call 2 30 "$dumpvars", 32'sb00000000000000000000000000000000, S_0x56255ebe5370 {0 0 0};
    %pushi/vec4 0, 0, 1;
    %store/vec4 v0x56255ebfe190_0, 0, 1;
    %pushi/vec4 0, 0, 1;
    %store/vec4 v0x56255ebfe0b0_0, 0, 1;
    %pushi/vec4 0, 0, 1;
    %store/vec4 v0x56255ebfe8d0_0, 0, 1;
    %delay 1000, 0;
    %pushi/vec4 1, 0, 1;
    %store/vec4 v0x56255ebfe8d0_0, 0, 1;
    %delay 10000, 0;
    %pushi/vec4 0, 0, 1;
    %store/vec4 v0x56255ebfe8d0_0, 0, 1;
    %delay 3900000, 0;
    %vpi_call 2 38 "$finish" {0 0 0};
    %end;
    .thread T_1;
    .scope S_0x56255ebe5370;
T_2 ;
    %delay 17000, 0;
    %load/vec4 v0x56255ebfe190_0;
    %inv;
    %store/vec4 v0x56255ebfe190_0, 0, 1;
    %jmp T_2;
    .thread T_2;
    .scope S_0x56255ebe5370;
T_3 ;
    %delay 300000, 0;
    %load/vec4 v0x56255ebfe0b0_0;
    %inv;
    %store/vec4 v0x56255ebfe0b0_0, 0, 1;
    %jmp T_3;
    .thread T_3;
    .scope S_0x56255ebe5370;
T_4 ;
    %wait E_0x56255ebe2410;
    %load/vec4 v0x56255ebfe8d0_0;
    %flag_set/vec4 8;
    %jmp/0xz  T_4.0, 8;
    %pushi/vec4 0, 0, 3;
    %assign/vec4 v0x56255ebfe970_0, 0;
    %jmp T_4.1;
T_4.0 ;
    %load/vec4 v0x56255ebfe970_0;
    %addi 1, 0, 3;
    %assign/vec4 v0x56255ebfe970_0, 0;
T_4.1 ;
    %jmp T_4;
    .thread T_4;
# The file index is used to find the file name in the following table.
:file_names 4;
    "N/A";
    "<interactive>";
    "tb_demux_case.v";
    "demux_case.v";
