#! /usr/bin/vvp
:ivl_version "13.0 (stable)" "(v13_0)";
:ivl_delay_selection "TYPICAL";
:vpi_time_precision - 12;
:vpi_module "/usr/lib64/ivl/system.vpi";
:vpi_module "/usr/lib64/ivl/vhdl_sys.vpi";
:vpi_module "/usr/lib64/ivl/vhdl_textio.vpi";
:vpi_module "/usr/lib64/ivl/v2005_math.vpi";
:vpi_module "/usr/lib64/ivl/va_math.vpi";
S_0x5562a9542590 .scope module, "tb_multiple_modules" "tb_multiple_modules" 2 5;
 .timescale -9 -12;
v0x5562a95586e0_0 .var "a", 0 0;
v0x5562a95587d0_0 .var "b", 0 0;
v0x5562a95588e0_0 .var "c", 0 0;
v0x5562a95589d0_0 .net "y", 0 0, L_0x5562a9558b30;  1 drivers
S_0x5562a9542720 .scope module, "uut" "multiple_modules" 2 12, 3 10 0, S_0x5562a9542590;
 .timescale 0 0;
    .port_info 0 /INPUT 1 "a";
    .port_info 1 /INPUT 1 "b";
    .port_info 2 /INPUT 1 "c";
    .port_info 3 /OUTPUT 1 "y";
v0x5562a9558260_0 .net "a", 0 0, v0x5562a95586e0_0;  1 drivers
v0x5562a9558330_0 .net "b", 0 0, v0x5562a95587d0_0;  1 drivers
v0x5562a9558400_0 .net "c", 0 0, v0x5562a95588e0_0;  1 drivers
v0x5562a9558500_0 .net "net1", 0 0, L_0x5562a9558ac0;  1 drivers
v0x5562a95585f0_0 .net "y", 0 0, L_0x5562a9558b30;  alias, 1 drivers
S_0x5562a9544ed0 .scope module, "u1" "sub_module1" 3 12, 3 5 0, S_0x5562a9542720;
 .timescale 0 0;
    .port_info 0 /INPUT 1 "a";
    .port_info 1 /INPUT 1 "b";
    .port_info 2 /OUTPUT 1 "y";
L_0x5562a9558ac0 .functor AND 1, v0x5562a95586e0_0, v0x5562a95587d0_0, C4<1>, C4<1>;
v0x5562a9545120_0 .net "a", 0 0, v0x5562a95586e0_0;  alias, 1 drivers
v0x5562a9557bb0_0 .net "b", 0 0, v0x5562a95587d0_0;  alias, 1 drivers
v0x5562a9557c70_0 .net "y", 0 0, L_0x5562a9558ac0;  alias, 1 drivers
S_0x5562a9557d90 .scope module, "u2" "sub_module2" 3 13, 3 1 0, S_0x5562a9542720;
 .timescale 0 0;
    .port_info 0 /INPUT 1 "a";
    .port_info 1 /INPUT 1 "b";
    .port_info 2 /OUTPUT 1 "y";
L_0x5562a9558b30 .functor OR 1, L_0x5562a9558ac0, v0x5562a95588e0_0, C4<0>, C4<0>;
v0x5562a9557fe0_0 .net "a", 0 0, L_0x5562a9558ac0;  alias, 1 drivers
v0x5562a95580a0_0 .net "b", 0 0, v0x5562a95588e0_0;  alias, 1 drivers
v0x5562a9558140_0 .net "y", 0 0, L_0x5562a9558b30;  alias, 1 drivers
    .scope S_0x5562a9542590;
T_0 ;
    %vpi_call 2 20 "$dumpfile", "tb_multiple_modules.vcd" {0 0 0};
    %vpi_call 2 21 "$dumpvars", 32'sb00000000000000000000000000000000, S_0x5562a9542590 {0 0 0};
    %pushi/vec4 0, 0, 1;
    %store/vec4 v0x5562a95586e0_0, 0, 1;
    %pushi/vec4 0, 0, 1;
    %store/vec4 v0x5562a95587d0_0, 0, 1;
    %pushi/vec4 0, 0, 1;
    %store/vec4 v0x5562a95588e0_0, 0, 1;
    %delay 300000, 0;
    %vpi_call 2 26 "$finish" {0 0 0};
    %end;
    .thread T_0;
    .scope S_0x5562a9542590;
T_1 ;
    %delay 10000, 0;
    %load/vec4 v0x5562a95586e0_0;
    %inv;
    %store/vec4 v0x5562a95586e0_0, 0, 1;
    %jmp T_1;
    .thread T_1;
    .scope S_0x5562a9542590;
T_2 ;
    %delay 55000, 0;
    %load/vec4 v0x5562a95587d0_0;
    %inv;
    %store/vec4 v0x5562a95587d0_0, 0, 1;
    %jmp T_2;
    .thread T_2;
    .scope S_0x5562a9542590;
T_3 ;
    %delay 75000, 0;
    %load/vec4 v0x5562a95588e0_0;
    %inv;
    %store/vec4 v0x5562a95588e0_0, 0, 1;
    %jmp T_3;
    .thread T_3;
# The file index is used to find the file name in the following table.
:file_names 4;
    "N/A";
    "<interactive>";
    "tb_multiple_modules.v";
    "multiple_modules.v";
