#! /usr/bin/vvp
:ivl_version "13.0 (stable)" "(v13_0)";
:ivl_delay_selection "TYPICAL";
:vpi_time_precision - 12;
:vpi_module "/usr/lib64/ivl/system.vpi";
:vpi_module "/usr/lib64/ivl/vhdl_sys.vpi";
:vpi_module "/usr/lib64/ivl/vhdl_textio.vpi";
:vpi_module "/usr/lib64/ivl/v2005_math.vpi";
:vpi_module "/usr/lib64/ivl/va_math.vpi";
S_0x562b37c02e40 .scope module, "tb_good_mux" "tb_good_mux" 2 2;
 .timescale -9 -12;
v0x562b37c14cf0_0 .var "i0", 0 0;
v0x562b37c14db0_0 .var "i1", 0 0;
v0x562b37c14e80_0 .var "sel", 0 0;
v0x562b37c14f80_0 .net "y", 0 0, v0x562b37c14b80_0;  1 drivers
S_0x562b37c02fd0 .scope module, "uut" "good_mux" 2 9, 3 2 0, S_0x562b37c02e40;
 .timescale 0 0;
    .port_info 0 /INPUT 1 "i0";
    .port_info 1 /INPUT 1 "i1";
    .port_info 2 /INPUT 1 "sel";
    .port_info 3 /OUTPUT 1 "y";
v0x562b37c031b0_0 .net "i0", 0 0, v0x562b37c14cf0_0;  1 drivers
v0x562b37c149f0_0 .net "i1", 0 0, v0x562b37c14db0_0;  1 drivers
v0x562b37c14ab0_0 .net "sel", 0 0, v0x562b37c14e80_0;  1 drivers
v0x562b37c14b80_0 .var "y", 0 0;
E_0x562b37c03410 .event anyedge, v0x562b37c14ab0_0, v0x562b37c149f0_0, v0x562b37c031b0_0;
    .scope S_0x562b37c02fd0;
T_0 ;
    %wait E_0x562b37c03410;
    %load/vec4 v0x562b37c14ab0_0;
    %flag_set/vec4 8;
    %jmp/0xz  T_0.0, 8;
    %load/vec4 v0x562b37c149f0_0;
    %assign/vec4 v0x562b37c14b80_0, 0;
    %jmp T_0.1;
T_0.0 ;
    %load/vec4 v0x562b37c031b0_0;
    %assign/vec4 v0x562b37c14b80_0, 0;
T_0.1 ;
    %jmp T_0;
    .thread T_0, $push;
    .scope S_0x562b37c02e40;
T_1 ;
    %vpi_call 2 17 "$dumpfile", "tb_good_mux.vcd" {0 0 0};
    %vpi_call 2 18 "$dumpvars", 32'sb00000000000000000000000000000000, S_0x562b37c02e40 {0 0 0};
    %pushi/vec4 0, 0, 1;
    %store/vec4 v0x562b37c14e80_0, 0, 1;
    %pushi/vec4 0, 0, 1;
    %store/vec4 v0x562b37c14cf0_0, 0, 1;
    %pushi/vec4 0, 0, 1;
    %store/vec4 v0x562b37c14db0_0, 0, 1;
    %delay 300000, 0;
    %vpi_call 2 23 "$finish" {0 0 0};
    %end;
    .thread T_1;
    .scope S_0x562b37c02e40;
T_2 ;
    %delay 75000, 0;
    %load/vec4 v0x562b37c14e80_0;
    %inv;
    %store/vec4 v0x562b37c14e80_0, 0, 1;
    %jmp T_2;
    .thread T_2;
    .scope S_0x562b37c02e40;
T_3 ;
    %delay 10000, 0;
    %load/vec4 v0x562b37c14cf0_0;
    %inv;
    %store/vec4 v0x562b37c14cf0_0, 0, 1;
    %jmp T_3;
    .thread T_3;
    .scope S_0x562b37c02e40;
T_4 ;
    %delay 55000, 0;
    %load/vec4 v0x562b37c14db0_0;
    %inv;
    %store/vec4 v0x562b37c14db0_0, 0, 1;
    %jmp T_4;
    .thread T_4;
# The file index is used to find the file name in the following table.
:file_names 4;
    "N/A";
    "<interactive>";
    "tb_good_mux.v";
    "good_mux.v";
