#! /usr/bin/vvp
:ivl_version "13.0 (stable)" "(v13_0)";
:ivl_delay_selection "TYPICAL";
:vpi_time_precision - 12;
:vpi_module "/usr/lib64/ivl/system.vpi";
:vpi_module "/usr/lib64/ivl/vhdl_sys.vpi";
:vpi_module "/usr/lib64/ivl/vhdl_textio.vpi";
:vpi_module "/usr/lib64/ivl/v2005_math.vpi";
:vpi_module "/usr/lib64/ivl/va_math.vpi";
S_0x561c33090400 .scope module, "tb_demux_generate" "tb_demux_generate" 2 4;
 .timescale -9 -12;
v0x561c330a86b0_0 .var "clk", 0 0;
v0x561c330a8790_0 .var "i", 0 0;
v0x561c330a8850_0 .net "o0", 0 0, L_0x561c330a9780;  1 drivers
v0x561c330a8950_0 .net "o1", 0 0, L_0x561c330a9690;  1 drivers
v0x561c330a8a20_0 .net "o2", 0 0, L_0x561c330a9560;  1 drivers
v0x561c330a8ac0_0 .net "o3", 0 0, L_0x561c330a94c0;  1 drivers
v0x561c330a8b90_0 .net "o4", 0 0, L_0x561c330a9310;  1 drivers
v0x561c330a8c60_0 .net "o5", 0 0, L_0x561c330a9220;  1 drivers
v0x561c330a8d30_0 .net "o6", 0 0, L_0x561c330a90e0;  1 drivers
v0x561c330a8e00_0 .net "o7", 0 0, L_0x561c330a9040;  1 drivers
v0x561c330a8ed0_0 .var "reset", 0 0;
v0x561c330a8f70_0 .var "sel", 2 0;
E_0x561c3308e410 .event posedge, v0x561c330a8ed0_0, v0x561c330a86b0_0;
S_0x561c33090590 .scope module, "uut" "demux_generate" 2 16, 3 2 0, S_0x561c33090400;
 .timescale 0 0;
    .port_info 0 /OUTPUT 1 "o0";
    .port_info 1 /OUTPUT 1 "o1";
    .port_info 2 /OUTPUT 1 "o2";
    .port_info 3 /OUTPUT 1 "o3";
    .port_info 4 /OUTPUT 1 "o4";
    .port_info 5 /OUTPUT 1 "o5";
    .port_info 6 /OUTPUT 1 "o6";
    .port_info 7 /OUTPUT 1 "o7";
    .port_info 8 /INPUT 3 "sel";
    .port_info 9 /INPUT 1 "i";
v0x561c330800e0_0 .net *"_ivl_10", 7 0, v0x561c330a8430_0;  1 drivers
v0x561c330a7b50_0 .net "i", 0 0, v0x561c330a8790_0;  1 drivers
v0x561c330a7c10_0 .var/i "k", 31 0;
v0x561c330a7d00_0 .net "o0", 0 0, L_0x561c330a9780;  alias, 1 drivers
v0x561c330a7dc0_0 .net "o1", 0 0, L_0x561c330a9690;  alias, 1 drivers
v0x561c330a7ed0_0 .net "o2", 0 0, L_0x561c330a9560;  alias, 1 drivers
v0x561c330a7f90_0 .net "o3", 0 0, L_0x561c330a94c0;  alias, 1 drivers
v0x561c330a8050_0 .net "o4", 0 0, L_0x561c330a9310;  alias, 1 drivers
v0x561c330a8110_0 .net "o5", 0 0, L_0x561c330a9220;  alias, 1 drivers
v0x561c330a81d0_0 .net "o6", 0 0, L_0x561c330a90e0;  alias, 1 drivers
v0x561c330a8290_0 .net "o7", 0 0, L_0x561c330a9040;  alias, 1 drivers
v0x561c330a8350_0 .net "sel", 2 0, v0x561c330a8f70_0;  1 drivers
v0x561c330a8430_0 .var "y_int", 7 0;
E_0x561c3308f150 .event anyedge, v0x561c330a8350_0, v0x561c330a7b50_0;
L_0x561c330a9040 .part v0x561c330a8430_0, 7, 1;
L_0x561c330a90e0 .part v0x561c330a8430_0, 6, 1;
L_0x561c330a9220 .part v0x561c330a8430_0, 5, 1;
L_0x561c330a9310 .part v0x561c330a8430_0, 4, 1;
L_0x561c330a94c0 .part v0x561c330a8430_0, 3, 1;
L_0x561c330a9560 .part v0x561c330a8430_0, 2, 1;
L_0x561c330a9690 .part v0x561c330a8430_0, 1, 1;
L_0x561c330a9780 .part v0x561c330a8430_0, 0, 1;
    .scope S_0x561c33090590;
T_0 ;
    %wait E_0x561c3308f150;
    %pushi/vec4 0, 0, 8;
    %store/vec4 v0x561c330a8430_0, 0, 8;
    %pushi/vec4 0, 0, 32;
    %store/vec4 v0x561c330a7c10_0, 0, 32;
T_0.0 ; Top of for-loop
    %load/vec4 v0x561c330a7c10_0;
    %cmpi/s 8, 0, 32;
	  %jmp/0xz T_0.1, 5;
    %load/vec4 v0x561c330a7c10_0;
    %load/vec4 v0x561c330a8350_0;
    %pad/u 32;
    %cmp/e;
    %jmp/0xz  T_0.3, 4;
    %load/vec4 v0x561c330a7b50_0;
    %ix/getv/s 4, v0x561c330a7c10_0;
    %store/vec4 v0x561c330a8430_0, 4, 1;
T_0.3 ;
T_0.2 ; for-loop step statement
    ; show_stmt_assign_vector: Get l-value for compressed += operand
    %load/vec4 v0x561c330a7c10_0;
    %pushi/vec4 1, 0, 32;
    %add;
    %store/vec4 v0x561c330a7c10_0, 0, 32;
    %jmp T_0.0;
T_0.1 ; for-loop exit label
    %jmp T_0;
    .thread T_0, $push;
    .scope S_0x561c33090400;
T_1 ;
    %vpi_call 2 30 "$dumpfile", "tb_demux_generate.vcd" {0 0 0};
    %vpi_call 2 31 "$dumpvars", 32'sb00000000000000000000000000000000, S_0x561c33090400 {0 0 0};
    %pushi/vec4 0, 0, 1;
    %store/vec4 v0x561c330a8790_0, 0, 1;
    %pushi/vec4 0, 0, 1;
    %store/vec4 v0x561c330a86b0_0, 0, 1;
    %pushi/vec4 0, 0, 1;
    %store/vec4 v0x561c330a8ed0_0, 0, 1;
    %delay 1000, 0;
    %pushi/vec4 1, 0, 1;
    %store/vec4 v0x561c330a8ed0_0, 0, 1;
    %delay 10000, 0;
    %pushi/vec4 0, 0, 1;
    %store/vec4 v0x561c330a8ed0_0, 0, 1;
    %delay 3900000, 0;
    %vpi_call 2 39 "$finish" {0 0 0};
    %end;
    .thread T_1;
    .scope S_0x561c33090400;
T_2 ;
    %delay 17000, 0;
    %load/vec4 v0x561c330a8790_0;
    %inv;
    %store/vec4 v0x561c330a8790_0, 0, 1;
    %jmp T_2;
    .thread T_2;
    .scope S_0x561c33090400;
T_3 ;
    %delay 300000, 0;
    %load/vec4 v0x561c330a86b0_0;
    %inv;
    %store/vec4 v0x561c330a86b0_0, 0, 1;
    %jmp T_3;
    .thread T_3;
    .scope S_0x561c33090400;
T_4 ;
    %wait E_0x561c3308e410;
    %load/vec4 v0x561c330a8ed0_0;
    %flag_set/vec4 8;
    %jmp/0xz  T_4.0, 8;
    %pushi/vec4 0, 0, 3;
    %assign/vec4 v0x561c330a8f70_0, 0;
    %jmp T_4.1;
T_4.0 ;
    %load/vec4 v0x561c330a8f70_0;
    %addi 1, 0, 3;
    %assign/vec4 v0x561c330a8f70_0, 0;
T_4.1 ;
    %jmp T_4;
    .thread T_4;
# The file index is used to find the file name in the following table.
:file_names 4;
    "N/A";
    "<interactive>";
    "tb_demux_generate.v";
    "demux_generate.v";
