#! /usr/bin/vvp
:ivl_version "13.0 (stable)" "(v13_0)";
:ivl_delay_selection "TYPICAL";
:vpi_time_precision - 12;
:vpi_module "/usr/lib64/ivl/system.vpi";
:vpi_module "/usr/lib64/ivl/vhdl_sys.vpi";
:vpi_module "/usr/lib64/ivl/vhdl_textio.vpi";
:vpi_module "/usr/lib64/ivl/v2005_math.vpi";
:vpi_module "/usr/lib64/ivl/va_math.vpi";
S_0x55d3c0cf4660 .scope module, "tb_opt_check" "tb_opt_check" 2 3;
 .timescale -9 -12;
v0x55d3c0d05b60_0 .var "a", 0 0;
v0x55d3c0d05c30_0 .var "b", 0 0;
v0x55d3c0d05d00_0 .net "y", 0 0, L_0x55d3c0d05e30;  1 drivers
S_0x55d3c0cf47f0 .scope module, "uut" "opt_check" 2 10, 3 1 0, S_0x55d3c0cf4660;
 .timescale 0 0;
    .port_info 0 /INPUT 1 "a";
    .port_info 1 /INPUT 1 "b";
    .port_info 2 /OUTPUT 1 "y";
L_0x7eff8cd59018 .functor BUFT 1, C4<0>, C4<0>, C4<0>, C4<0>;
v0x55d3c0ce2c20_0 .net/2u *"_ivl_0", 0 0, L_0x7eff8cd59018;  1 drivers
v0x55d3c0d058c0_0 .net "a", 0 0, v0x55d3c0d05b60_0;  1 drivers
v0x55d3c0d05980_0 .net "b", 0 0, v0x55d3c0d05c30_0;  1 drivers
v0x55d3c0d05a20_0 .net "y", 0 0, L_0x55d3c0d05e30;  alias, 1 drivers
L_0x55d3c0d05e30 .functor MUXZ 1, L_0x7eff8cd59018, v0x55d3c0d05c30_0, v0x55d3c0d05b60_0, C4<>;
    .scope S_0x55d3c0cf4660;
T_0 ;
    %vpi_call 2 17 "$dumpfile", "tb_opt_check.vcd" {0 0 0};
    %vpi_call 2 18 "$dumpvars", 32'sb00000000000000000000000000000000, S_0x55d3c0cf4660 {0 0 0};
    %pushi/vec4 0, 0, 1;
    %store/vec4 v0x55d3c0d05b60_0, 0, 1;
    %pushi/vec4 0, 0, 1;
    %store/vec4 v0x55d3c0d05c30_0, 0, 1;
    %delay 300000, 0;
    %vpi_call 2 22 "$finish" {0 0 0};
    %end;
    .thread T_0;
    .scope S_0x55d3c0cf4660;
T_1 ;
    %delay 10000, 0;
    %load/vec4 v0x55d3c0d05b60_0;
    %inv;
    %store/vec4 v0x55d3c0d05b60_0, 0, 1;
    %jmp T_1;
    .thread T_1;
    .scope S_0x55d3c0cf4660;
T_2 ;
    %delay 55000, 0;
    %load/vec4 v0x55d3c0d05c30_0;
    %inv;
    %store/vec4 v0x55d3c0d05c30_0, 0, 1;
    %jmp T_2;
    .thread T_2;
# The file index is used to find the file name in the following table.
:file_names 4;
    "N/A";
    "<interactive>";
    "tb_opt_check.v";
    "opt_check.v";
