#! /usr/bin/vvp
:ivl_version "13.0 (stable)" "(v13_0)";
:ivl_delay_selection "TYPICAL";
:vpi_time_precision - 12;
:vpi_module "/usr/lib64/ivl/system.vpi";
:vpi_module "/usr/lib64/ivl/vhdl_sys.vpi";
:vpi_module "/usr/lib64/ivl/vhdl_textio.vpi";
:vpi_module "/usr/lib64/ivl/v2005_math.vpi";
:vpi_module "/usr/lib64/ivl/va_math.vpi";
S_0x5649d4049660 .scope module, "tb_opt_check2" "tb_opt_check2" 2 4;
 .timescale -9 -12;
v0x5649d405b910_0 .var "a", 0 0;
v0x5649d405b9b0_0 .var "b", 0 0;
v0x5649d405ba50_0 .net "y", 0 0, L_0x5649d405be80;  1 drivers
S_0x5649d40497f0 .scope module, "uut" "opt_check2" 2 11, 3 1 0, S_0x5649d4049660;
 .timescale 0 0;
    .port_info 0 /INPUT 1 "a";
    .port_info 1 /INPUT 1 "b";
    .port_info 2 /OUTPUT 1 "y";
L_0x7f44f0873018 .functor BUFT 1, C4<01>, C4<0>, C4<0>, C4<0>;
v0x5649d40386e0_0 .net/2u *"_ivl_0", 1 0, L_0x7f44f0873018;  1 drivers
v0x5649d405b380_0 .net *"_ivl_2", 1 0, L_0x5649d405bb80;  1 drivers
L_0x7f44f0873060 .functor BUFT 1, C4<0>, C4<0>, C4<0>, C4<0>;
v0x5649d405b460_0 .net *"_ivl_5", 0 0, L_0x7f44f0873060;  1 drivers
v0x5649d405b520_0 .net *"_ivl_6", 1 0, L_0x5649d405bcf0;  1 drivers
v0x5649d405b600_0 .net "a", 0 0, v0x5649d405b910_0;  1 drivers
v0x5649d405b710_0 .net "b", 0 0, v0x5649d405b9b0_0;  1 drivers
v0x5649d405b7d0_0 .net "y", 0 0, L_0x5649d405be80;  alias, 1 drivers
L_0x5649d405bb80 .concat [ 1 1 0 0], v0x5649d405b9b0_0, L_0x7f44f0873060;
L_0x5649d405bcf0 .functor MUXZ 2, L_0x5649d405bb80, L_0x7f44f0873018, v0x5649d405b910_0, C4<>;
L_0x5649d405be80 .part L_0x5649d405bcf0, 0, 1;
    .scope S_0x5649d4049660;
T_0 ;
    %vpi_call 2 18 "$dumpfile", "tb_opt_check2.vcd" {0 0 0};
    %vpi_call 2 19 "$dumpvars", 32'sb00000000000000000000000000000000, S_0x5649d4049660 {0 0 0};
    %pushi/vec4 0, 0, 1;
    %store/vec4 v0x5649d405b910_0, 0, 1;
    %pushi/vec4 0, 0, 1;
    %store/vec4 v0x5649d405b9b0_0, 0, 1;
    %delay 300000, 0;
    %vpi_call 2 23 "$finish" {0 0 0};
    %end;
    .thread T_0;
    .scope S_0x5649d4049660;
T_1 ;
    %delay 10000, 0;
    %load/vec4 v0x5649d405b910_0;
    %inv;
    %store/vec4 v0x5649d405b910_0, 0, 1;
    %jmp T_1;
    .thread T_1;
    .scope S_0x5649d4049660;
T_2 ;
    %delay 55000, 0;
    %load/vec4 v0x5649d405b9b0_0;
    %inv;
    %store/vec4 v0x5649d405b9b0_0, 0, 1;
    %jmp T_2;
    .thread T_2;
# The file index is used to find the file name in the following table.
:file_names 4;
    "N/A";
    "<interactive>";
    "tb_opt_check2.v";
    "opt_check2.v";
